[  00000] Intiling cgrupubys cus
    0.000]Initalin cgroup subsys cpu
[   0.000] Iniializing cgroup subsys cpuacct
[    0.000000] inux version 4.4.0-134-generic (buildd@lgw0-amd64-033) (gcc version 5.4.0 20160609 (Ubuntu 5.4.0-6ubuntu1~16.04.10) ) #160-Ubuntu P ed Aug5 :58:00 UC 18 (Ubunu 4.-13416geeric 4.4.0)
[   0.000] Command lin BT_IMGEbot/vmin-4.4.0134-geneicoot=AB=cuddimg-oos o conslety console=tyS
   0.00000]KEEL supoedpus:
[   000000  ntl GenuneIntel
[    0.000000]   AMD AuthenticAMD
[    0.000000]   Centaur CentaurHauls
[    0.000000] x86/fpu: xstate_offset[2]:  576, xstate_sizes[2]:  256
[    0.000000] x86/fpu: Supporting XSAVE feature 0x01: 'x87 floating point registers'
[    0.000000] x86/fpu: Supporting XSAVE feature 0x02: 'SSE registers'
[    0.000000] x86/fpu: Supporting XSAVE feature 0x04: 'AVX registers'
[    0.000000] x86/fpu: Enabled xstate features 0x7, context ize is 832 bytes, using 'standard' format
[    00000] 82 BS-provdephsical AMap
[   00000] BIO-e820: [m 0000000000000-0x00000009fbff] usable   0.000 BIOS-820 [m x0000000fc000x000000009fff] servd
[  000000]IO-e820: [em x000000000-0x0000000fffff] esved
[    0.000000] BIOS-e820: [mem 0x0000000000100000-0x000000003ffeffff] usable
[    0.000000] BIOS-e820: [mem 0x000000003fff0000-0x000000003fffffff] ACPI data
[    0.000000] BIOS-e820: [mem 0x00000000fec0000-0xx00000000fec00fff] reserved
[    0.000000] BIOS-e820: [mem 0x00000000fee00000-0x00000000fee00fff] reserved
[    0.000000] BIOS-e820: [mem 0x00000000fffc0000-0x00000000ffffffff] reserved
[    0.000000] NX (Execute Disable) protection: active
[    0.000000] SMBIOS 2.5 present.
[    0.000000] Hypervisor detected: KVM
[    0.000000] 82 lst_pn 0xfff0 max_achfn  0x4000000
[   0.00000]MT: Diabd
[   0.000] x6/T:MTRRs isled, skipping PAT initialzation too.
[   0.000000] CPU MTRRs all blank - virtualized system.
[    0.000000] x86/PAT: Configuration [0-7]: WB  WT UC UC  W    C- U  [    0.00000]oud SMP MP-ab aat [mem 0x00ff-0x009ffmappped at [ffff80009ff0]
  0.0000 Sannig areas for low memory corruption
[    0.000000] RAMDISK: [mem 0x3630c000-0x3717dfff]
[    0.000000] ACPI: Early table checksum verification disabled
[    0.000000] ACPI: RSDP 0x00000000000E0000 000024 (v02 VBOX  )
[    0.000000] ACPI: XSDT 0x000000003FFF0030 00003C (v01 VBOX   VBOXXSDT 00000001 ASL  00000061)
[    0.000000] API: FACP 0x000000003FFF00F0 0000F4 (v04 VBOX   VBOXFACP 00000001 ASL  00000061)
[    0.000000] ACPI: DSDT 0x000000003FFF0470 0021FF (v02 VBOX   VBOXBIOS 00000002 INTL 20100528)
[  000000] CPI: ACS x000003FFF020 0040
[    0.0000]ACPI: FACS 0x00000FFF0200 000040
  0.0000] ACPI: APIC x000003F0240 00005C (2 BOX   VBOXAPIC 00000001 ASL  00000061)
[  000000]AC: SDT x000000FFF0A000CC (01BO   VBOXCPUT 00000002 INTL 21028)
    0.000000] No NUMA configuration found
[    0.000000] Faking anode at [mem 0x0000000000000000-0x000000003ffeffff]
[    0.000000] NODE_DATA(0) allocated [mem 0x3ffeb000-0x3ffeffff]
[    0.000000] kvm-clock: Using msrs 4b564d01 and 4b564d00
[    0.000000] kvm-clock: cpu 0, msr 0:3ffe3001, primary cpu clock
[    0.000000] kvm-clock: using sched offset of 5101315684 cycles
[    0.000000] clocksource: kvm-clock: mask: 0xffffffffffffffff max_cycles: 0x1cd42e4dffb, max_idle_ns: 881590591483 ns
[    0.000000] Zone ranges:
[    0.000000]   DMA      [mem 0x0000000000001000-0x0000000000ffffff]
[    0.000000]   DMA32    [mem 0x000000001000000-0x000000003ffeffff]
[    0.000000]   Normal   empty
[    0.000000]   Device   empty
[    0.00000] Movable zon srtfor each noe[   0.000000] Early memory nodranges
    0.000000]   node   0: [mem 0x0000000000001000-0x000000000009efff]
[    0.000000]   node   0: [mem 0x0000000000100000-0x000000003ffeffff]
[    0.000000] Initmem setup node 0 [mem 0x0000000000001000-0x000000003ffeffff]
   0.000000] ACPI: PM-mer IO Port: 000
[    0.000000] IOAPIC]:pic_id 2veio 32, address 0xfec00000, GSI 0-23
[  00000] ACPI: NTRC_OVR(b 0bus_ir 0glbal_irq 2 dfl dfl)
[   000000] ACPI: INT_SRC_OVR (bus 0 bus_irq 9 global_irq 9 low level)
[    0.000000] Using ACPI (MADT) for SMP configuration nfmaio
  0.0000] pboo: loing  Cs,0 hopl CUs
[  000000] M:Restered nosave memo: em 0x00000000-0x00000fff]
[    0.000000PMRegisted nosa memory: [mem 0x0009f000-00x0009ffff]
[    0.000000] PM: Registered nosave memory: [mem 0x000a0000-0x000effff]
[    0.000000] PM: Registered nosave memory: [mem 0x000f0000-0x000fffff]
[    0.000000] e820: [mem 0x40000000-0xfebfffff] available for PCI devices
[    0.000000 Booting paravirtualized kernel on KVM
[    0.000000] clocksource: refined-jiffies: mask: 0xffffffff max_cycles: 0xfffffff, max_idle_ns: 7645519600211568 ns
[    0.000000] setup_percpu: NR_CPUS:512 nr_cpumask_bits:512 nr_cpu_ids:2 nr_node_ids:1
[    0.000000] PERCPU: Embedded 34 pages/cpu @ffff88003fc00000 s99544 r8192 d31528 u1048576
[    0.000000] PV spinlok shtable entries: 6 (order: 0, 4096 bytes)
    000000] But  zonlis n Noe ordermoility grupg on.  otal pag: 57912[   0.00000]olcy zneDMA32
[   0.000]Kernl mmnd lneBOOTIMAGE=/boot/vmlinu4.0-134-genec ot=LABEL=cludmg-rootfs ro console=tty1 console=ttyS0
[    00000] PID hh ble etrs:4096 (order: 3, 32768 bytes)
[    0.000000] Memory: 997724K/104810K available (8554 kernel code, 1314K rwdata, 4004K rodata, 1516K init, 1316 bss 596 reserved, 0K cma-seed)
[    0.000000] SLUB:Wagn=64, Order=0-3,Minbjts=0,CP=2 Nods=
[    0.00000] Kernel/se pge tleisolti: nabld    0.00000] HerchicalRCimpleentation.
[   00000] Buld-time adjustment of leaf fanout to 64.
[    0.000000] 	RCU restricing CPs roNRCPPUS12 o r_cpuid2.
[  00000 R: Adjusting geometry for rcu_fanout_leaf=64, nr_cpu_ids=2
[    0.000000] NR_IRQS:33024 nr_irqs:440 16
[    0.000000] Console: colour VGA+ 80x25
[    0.000000] console [tty1] enabled
[    0.000000] console [ttyS0 enabled
[    0.000000] tsc: Detected 2903.998 MHz processor
[    8.207866] Calibrating delay loop (skipped) preset value.. 5807.99 BogoMIPS (lpj=11615992)
[    8.21056] pid_max: default: 32768 minimum: 301
[    8.224966] ACPI: Core revision 20150930
[    8.227191] ACPI: 2 ACPI AML tables successfully acquired and loaded
[    8.228619] Security Framework initialized
[    8.229518] Yama: becoming mindful.
[    8.230324] AppArmor: AppArmor initialized
[    8.231310] Dentry cache hash table entries: 131072 (order: 8, 1048576 bytes)
[    8.234857] Inode-cache has table entries: 65536 (order: 7, 524288 bytes)
[    8.323928] Mount-cache hash table entries: 2048 (order: 2, 16384 bytes)
[    8.416764] Mountpoint-cache hash table entries: 2048 (order: 2, 16384 bytes)
[    8.508224] Initializing cgroup subsys io
[    8.585117] Initializing cgroup subsys memory
[    8.623490] Initializing cgroup subsys devices
[    8.696707] Initializing cgroup subsys freezer
[    8.768223] Initializing cgroup subsys net_cls
[    8.842009] Initializing cgroup subsys perf_event
[    8.899870] Initializing cgroup subsys net_prio
[    8.948683] Initializing cgroup subsys hugetlb
[    9.006296] Initializing cgroup subsys pids
[    9.048910] mce: CPU supports 0 MCE banks
[    9.066413] Last level iTLB entries: 4KB 64, 2MB 8, 4MB 8
[    9.115588] Last level dTLB entries: 4KB 64, 2MB 0, 4MB 0, 1GB 4
[    9.187559] Spectre V2 : Mitigation: Full generic retpoline
[    9.251687] Spectre V2 : Speculation control IBPB not-supported IBRS not-supported
[    9.291211] Spectre V2 : Filling RSB on context switch
[    9.294556] Speculative Store Bypass: Vulnerable
[    9.301405] Freeing SMP alternatives memory: 32K
[    9.310257] ftrace: allocating 32266 entries in 127 pages
[    9.368197] smpboot: APIC(0) Converting physical 0 to logical package 0
[    9.456969] smpboot: Max logical packages: 1
[    9.507601] x2apic enabled
[    9.559513] Switched APIC routing to physical x2apic.
[    9.631898] ..TIMER: vector=0x30 apic1=0 pin1=2 apic2=-1 pin2=-1
[    9.819209] smpboot: CPU0: Intel(R) Core(TM) i7-7820HQ CPU @ 2.90GHz (family: 0x6, model: 0x9e, stepping: 0x9)
[    9.943775] Performance Events: unsupported p6 CPU model 158 no PMU driver, software events only.
[   10.059874] KVM setup paravirtual spinlock
[   10.108204] x86: Booting SMP configuration:
[   10.136947] .... node  #0, CPUs:      #1
[   10.211628] kvm-clock: cpu 1, msr 0:3ffe3041, secondary cpu clock
[   10.249265] mce: CPU supports 0 MCE banks
[   10.266701] x86: Booted up 1 node, 2 CPUs
[   10.299561] smpboot: Total of 2 processors activated (11615.99 BogoMIPS)
[   10.365267] devtmpfs: initialized
[   10.389217] evm: security.selinux
[   10.390424] evm: security.SMACK64
[   10.395410] evm: security.SMACK64EXEC
[   10.399397] evm: security.SMACK64TRANSMUTE
[   10.400574] evm: security.SMACK64MMAP
[   10.403174] evm: security.ima
[   10.404191] evm: security.capability
[   10.405709] clocksource: jiffies: mask: 0xffffffff max_cycles: 0xffffffff, max_idle_ns: 7645041785100000 ns
[   10.408392] futex hash table entries: 512 (order: 3, 32768 bytes)
[   10.410183] pinctrl core: initialized pinctrl subsystem
[   10.412108] RTC time:  0:00:14, date: 08/30/18
[   10.414060] NET: Registered protocol family 16
[   10.427036] cpuidle: using governor ladder
[   10.439322] cpuidle: using governor menu
[   10.483670] PCCT header not found.
[   10.497254] ACPI: bus type PCI registered
[   10.506402] acpiphp: ACPI Hot Plug PCI Controller Driver version: 0.5
[   10.524084] PCI: Using configuration type 1 for base access
[   10.539635] ACPI: Added _OSI(Module Device)
[   10.543808] ACPI: Added _OSI(Processor Device)
[   10.545624] ACPI: Added _OSI(3.0 _SCP Extensions)
[   10.547378] ACPI: Added _OSI(Processor Aggregator Device)
[   10.549939] ACPI: Executed 1 blocks of module-level executable AML code
[   10.555225] ACPI: Interpreter enabled
[   10.556383] ACPI: (supports S0 S5)
[   10.557406] ACPI: Using IOAPIC for interrupt routing
[   10.560247] PCI: Using host bridge windows from ACPI; if necessary, use "pci=nocrs" and report a bug
[   10.573329] ACPI: PCI Root Bridge [PCI0] (domain 0000 [bus 00-ff])
[   10.619761] acpi PNP0A03:00: _OSC: OS supports [ASPM ClockPM Segments MSI]
[   10.621528] acpi PNP0A03:00: _OSC: not requesting OS control; OS requires [ExtendedConfig ASPM ClockPM MSI]
[   10.625910] acpi PNP0A03:00: fail to add MMCONFIG information, can't access extended PCI configuration space under this bridge.
[   10.635928] PCI host bridge to bus 0000:00
[   10.637430] pci_bus 0000:00: root bus resource [io  0x0000-0x0cf7 window]
[   10.639241] pci_bus 0000:00: root bus resource [io  0x0d00-0xffff window]
[   10.643515] pci_bus 0000:00: root bus resource [mem 0x000a0000-0x000bffff window]
[   10.651376] pci_bus 0000:00: root bus resource [mem 0x40000000-0xfdffffff window]
[   10.655452] pci_bus 0000:00: root bus resource [bus 00-ff]
[   10.659654] pci 0000:00:01.1: legacy IDE quirk: reg 0x10: [io  0x01f0-0x01f7]
[   10.661935] pci 0000:00:01.1: legacy IDE quirk: reg 0x14: [io  0x03f6]
[   10.664062] pci 0000:00:01.1: legacy IDE quirk: reg 0x18: [io  0x0170-0x0177]
[   10.666469] pci 0000:00:01.1: legacy IDE quirk: reg 0x1c: [io  0x0376]
[   10.683397] pci 0000:00:07.0: quirk: [io  0x4000-0x403f] claimed by PIIX4 ACPI
[   10.746017] pci 0000:00:07.0: quirk: [io  0x4100-0x410f] claimed by PIIX4 SMB
[   10.836827] ACPI: PCI Interrupt Link [LNKA] (IRQs 5 9 10 *11)
[   10.899407] ACPI: PCI Interrupt Link [LNKB] (IRQs 5 9 *10 11)
[   10.964304] ACPI: PCI Interrupt Link [LNKC] (IRQs 5 *9 10 11)
[   11.030714] ACPI: PCI Interrupt Link [LNKD] (IRQs 5 9 10 *11)
[   11.082545] ACPI: Enabled 2 GPEs in block 00 to 07
[   11.132852] vgaarb: setting as boot device: PCI:0000:00:02.0
[   11.212687] vgaarb: device added: PCI:0000:00:02.0,decodes=io+mem,owns=io+mem,locks=none
[   11.308547] vgaarb: loaded
[   11.352526] vgaarb: bridge control possible 0000:00:02.0
[   11.415547] SCSI subsystem initialized
[   11.439601] ACPI: bus type USB registered
[   11.461230] usbcore: registered new interface driver usbfs
[   11.485372] usbcore: registered new interface driver hub
[   11.495565] usbcore: registered new device driver usb
[   11.502117] PCI: Using ACPI for IRQ routing
[   11.503842] NetLabel: Initializing
[   11.511382] NetLabel:  domain hash size = 128
[   11.518021] NetLabel:  protocols = UNLABELED CIPSOv4
[   11.524700] NetLabel:  unlabeled traffic allowed by default
[   11.526785] amd_nb: Cannot enumerate AMD northbridges
[   11.528426] clocksource: Switched to clocksource kvm-clock
[   11.540451] AppArmor: AppArmor Filesystem Enabled
[   11.541920] pnp: PnP ACPI init
[   11.543982] pnp: PnP ACPI: found 3 dece

[   11.63] cloksrce: pipm: mak:xfffmacyes0xffff,max_id_ns: 2085701024 ns
[   12.00376] NE Reisre ptol mily 2

[   12.600030] TCP established hash table entries: 8192 (order: 4, 65536 bytes)
[   12.603869] TCP bind hash table entries: 8192 (order: 5, 131072 bytes)
[   12.606443] TC: Hash tabls coiged (established 8192 bind81)   18300] P shab erie 5 (de 21684yt)
  3.24] UP-Lite hash table entries: 512 (order: 2,16384 bytes)
[   13.749033] NET: Reister ptool fmi 1[   14.0022pc00:000: mingirt I/PCI traner
[ 142074pci0000:00:01.0: Activating ISA DMA hang workarounds
[  14.804593] Unpacking initramfs...
[   15.050789] Freeing initrd memory: 14792K
[   15.079065] platform rtc_cmos: registered platform RTC device (no PNP device found)
[   15.148928] Scanning for low memory corruption every 60 seconds
[   15.248542] audit: initializing netlink subsys (disabled)
[   15.376565] audit: type=2000 audit(1535587214.745:1): initialized
[   15.501780] Initialise system trusted keyring
[   15.609372] HugeTLB registered 2 MB page size, pre-allocated 0 pages
[   15.683318] zbud: loaded
[   15.715264] VFS: Disk quotas dquot_6.6.0
[   15.816679] VFS: Dquot-cache hash table entries: 512 (order 0, 4096 bytes)
[   15.865394] squashfs: version 4.0 (2009/01/31) Phillip Lougher
[   15.892543] fuse init (API version 7.23)
[   15.909418] Key type big_key registered
[   15.910607] Allocating IMA MOK and blacklist keyrings.
[   15.913575] Key type asymmetric registered
[   15.917277] Asymmetric key parser 'x509' registered
[   15.918742] Block layer SCSI generic (bsg) driver version 0.4 loaded (major 249)
[   15.921115] io scheduler noop registered
[   15.922316] io scheduler deadline registered (default)
[   15.923875] io scheduler cfq registered
[   15.925563] pci_hotplug: PCI Hot Plug PCI Core version: 0.5
[   15.927211] pciehp: PCI Express Hot Plug Controller Driver version: 0.4
[   15.929363] ACPI: AC Adapter [AC] (off-line)
[   15.930875] input: Power Button as /devices/LNXSYSTM:00/LNXPWRBN:00/input/input0
[   15.933348] ACPI: Power Button [PWRF]
[   15.935688] input: Sleep Button as /devices/LNXSYSTM:00/LNXSLPBN:00/input/input1
[   15.938062] ACPI: Sleep Button [SLPF]
[   15.940553] GHES: HEST is not enabled!
[   15.945946] ACPI: Battery Slot [BAT0] (battery present)
[   15.954343] Serial: 8250/16550 driver, 32 ports, IRQ sharing enabled
[   15.978989] 00:02: ttyS0 at I/O 0x3f8 (irq = 4, base_baud = 115200) is a 16550A
[   16.081872] clocksource: tsc: mask: 0xffffffffffffffff max_cycles: 0x29dc03c1beb, max_idle_ns: 440795205215 ns
[   16.169287] Linux agpgart interface v0.103
[   16.264590] loop: module loaded
[   16.292136] scsi host0: ata_piix
[   16.338919] scsi host1: ata_piix
[   16.387654] ata1: PATA max UDMA/33 cmd 0x1f0 ctl 0x3f6 bmdma 0xd000 irq 14
[   16.480163] ata2: PATA max UDMA/33 cmd 0x170 ctl 0x376 bmdma 0xd008 irq 15
[   16.597991] libphy: Fixed MDIO Bus: probed
[   16.630257] tun: Universal TUN/TAP device driver, 1.6
[   16.698393] tun: (C) 1999-2004 Max Krasnyansky <maxk@qualcomm.com>
[   16.798407] PPP generic driver version 2.4.2
[   16.865599] ehci_hcd: USB 2.0 'Enhanced' Host Controller (EHCI) Driver
[   16.866888] ehci-pci: EHCI PCI platform driver
[   16.867840] ehci-platform: EHCI generic platform driver
[   16.868974] ohci_hcd: USB 1.1 'Open' Host Controller (OHCI) Driver
[   16.870240] ohci-pci: OHCI PCI platform driver
[   16.871187] ohci-platform: OHCI generic platform driver
[   16.873618] uhci_hcd: USB Universal Host Controller Interface driver
[   16.938701] i8042: PNP: PS/2 Controller [PNP0303:PS2K,PNP0f03:PS2M] at 0x60,0x64 irq 1,12
[   17.002501] serio: i8042 KBD port at 0x60,0x64 irq 1
[   17.018321] serio: i8042 AUX port at 0x60,0x64 irq 12
[   17.020275] mousedev: PS/2 mouse device common for all mice
[   17.024176] rtc_cmos rtc_cmos: rtc core: registered rtc_cmos as rtc0
[   17.025994] input: AT Translated Set 2 keyboard as /devices/platform/i8042/serio0/input/input2
[   17.030036] rtc_cmos rtc_cmos: alarms up to one day, 114 bytes nvram
[   17.034386] i2c /dev entries driver
[   17.036105] device-mapper: uevent: version 1.0
[   17.087768] device-mapper: ioctl: 4.34.0-ioctl (2015-10-28) initialised: dm-devel@redhat.com
[   17.165287] ledtrig-cpu: registered to indicate activity on CPUs
[   17.266135] NET: Registered protocol family 10
[   17.313881] NET: Registered protocol family 17
[   17.363900] Key type dns_resolver registered
[   17.416356] registered taskstats version 1
[   17.488781] Loading compiled-in X.509 certificates
[   17.565677] Loaded X.509 cert 'Build time autogenerated kernel key: 4eb3d024ac16f76c1747ffd474694c84db21038b'
[   17.732122] zswap: loaded using pool lzo/zbud
[   17.805975] Key type trusted registered
[   17.810960] Key type encrypted registered
[   17.813759] AppArmor: AppArmor sha1 policy hashing enabled
[   17.815448] ima: No TPM chip found, activating TPM-bypass!
[   17.817113] ima: Allocated hash algorithm: sha1
[   17.818557] evm: HMAC attrs: 0x1
[   17.820197]   Magic number: 14:225:2
[   17.821632] rtc_cmos rtc_cmos: setting system clock to 2018-08-30 00:00:21 UTC (1535587221)
[   17.824434] BIOS EDD facility v0.16 2004-Jun-25, 0 devices found
[   17.826276] EDD information not available.
[   17.829204] Freeing unused kernel memory: 1516K
[   17.840605] Write protecting the kernel read-only data: 14336k
[   17.842790] Freeing unused kernel memory: 1672K
[   17.844143] Freeing unused kernel memory: 92K
Loading, please [   17.857080] random: systemd-udevd: uninitialized urandom read (16 bytes read, 5 bits of entropy available)
wait...
startin[   17.857592] random: udevadm: uninitialized urandom read (16 bytes read, 5 bits of entropy available)
g version 229
[   17.857609] random: udevadm: uninitialized urandom read (16 bytes read, 5 bits of entropy available)
[   17.863439] random: udevadm: uninitialized urandom read (16 bytes read, 5 bits of entropy available)
[   17.863472] random: udevadm: uninitialized urandom read (16 bytes read, 5 bits of entropy available)
[   17.863574] random: udevadm: uninitialized urandom read (16 bytes read, 5 bits of entropy available)
[   17.863613] random: udevadm: uninitialized urandom read (16 bytes read, 5 bits of entropy available)
[   17.863648] random: udevadm: uninitialized urandom read (16 bytes read, 5 bits of entropy available)
[   17.863684] random: udevadm: uninitialized urandom read (16 bytes read, 5 bits of entropy available)
[   17.863720] random: udevadm: uninitialized urandom read (16 bytes read, 5 bits of entropy available)
[   18.408064] e1000: Intel(R) PRO/1000 Network Driver - version 7.3.21-k8-NAPI
[   18.433580] e1000: Copyright (c) 1999-2006 Intel Corporation.
[   18.477466] Fusion MPT base driver 3.04.20
[   18.549505] Copyright (c) 1999-2008 LSI Corporation
[   18.591026] AVX2 version of gcm_enc/dec engaged.
[   18.711069] AES CTR mode by8 optimization enabled
[   18.797868] input: ImExPS/2 Generic Explorer Mouse as /devices/platform/i8042/serio1/input/input4
[   18.800346] Fusion MPT SPI Host driver 3.04.20
[   19.281843] e1000 0000:00:03.0 eth0: (PCI:33MHz:32-bit) 02:93:23:4d:82:b3
[   19.348249] e1000 0000:00:03.0 eth0: Intel(R) PRO/1000 Network Connection
[   19.442524] mptbase: ioc0: Initiating bringup
[   19.443132] e1000 0000:00:03.0 enp0s3: renamed from eth0
[   19.660987] ioc0: LSI53C1030 A0: Capabilities={Initiator}
[   19.935400] scsi host2: ioc0: LSI53C1030 A0, FwRev=00000000h, Ports=1, MaxQ=256, IRQ=20
[   20.055010] scsi 2:0:0:0: Direct-Access     VBOX     HARDDISK         1.0  PQ: 0 ANSI: 5
[   20.892406] scsi target2:0:0: Beginning Domain Validation
[   20.894812] scsi target2:0:0: Domain Validation skipping write tests
[   20.896299] scsi target2:0:0: Ending Domain Validation
[   20.897576] scsi target2:0:0: asynchronous
[   20.899007] scsi 2:0:1:0: Direct-Access     VBOX     HARDDISK         1.0  PQ: 0 ANSI: 5
[   20.905535] scsi target2:0:1: Beginning Domain Validation
[   20.907404] scsi target2:0:1: Domain Validation skipping write tests
[   20.908642] scsi target2:0:1: Ending Domain Validation
[   20.909755] scsi target2:0:1: asynchronous
[   20.917724] sd 2:0:0:0: [sda] 20971520 512-byte logical blocks: (10.7 GB/10.0 GiB)
[   20.917865] sd 2:0:0:0: Attached scsi generic sg0 type 0
[   20.918171] sd 2:0:1:0: Attached scsi generic sg1 type 0
[   20.918384] sd 2:0:1:0: [sdb] 20480 512-byte logical blocks: (10.5 MB/10.0 MiB)
[   20.918536] sd 2:0:1:0: [sdb] Write Protect is off
[   20.918606] sd 2:0:1:0: [sdb] Incomplete mode parameter data
[   20.918607] sd 2:0:1:0: [sdb] Assuming drive cache: write through
[   20.920341] sd 2:0:1:0: [sdb] Attached SCSI disk
[   21.439126] sd 2:0:0:0: [sda] Write Protect is off
[   21.441749] sd 2:0:0:0: [sda] Incomplete mode parameter data
[   21.443369] sd 2:0:0:0: [sda] Assuming drive cache: write through
[   21.446606]  sda: sda1
[   21.449899] sd 2:0:0:0: [sda] Attached SCSI disk
Begin: Loading e[   22.780273] md: linear personality registered for level -1
ssential drivers[   22.896191] md: multipath personality registered for level -4
 ... [   22.925391] md: raid0 personality registered for level 0
[   22.971633] md: raid1 personality registered for level 1
[   23.092664] raid6: sse2x1   gen() 11628 MB/s
[   23.240700] raid6: sse2x1   xor()  9139 MB/s
[   23.360691] raid6: sse2x2   gen() 13974 MB/s
[   23.496686] raid6: sse2x2   xor()  9603 MB/s
[   23.636523] raid6: sse2x4   gen() 14850 MB/s
[   23.728593] raid6: sse2x4   xor()  8899 MB/s
[   23.800629] raid6: avx2x1   gen() 18869 MB/s
[   23.924551] raid6: avx2x2   gen() 23840 MB/s
[   23.992506] raid6: avx2x4   gen() 27253 MB/s
[   24.034938] raid6: using algorithm avx2x4 gen() 27253 MB/s
[   24.089572] raid6: using avx2x2 recovery algorithm
[   24.182174] xor: automatically using best checksumming function:
[   24.268493]    avx       : 34392.000 MB/sec
[   24.300102] async_tx: api initialized (async)
[   24.339537] md: raid6 personality registered for level 6
[   24.375484] md: raid5 personality registered for level 5
[   24.398602] md: raid4 personality registered for level 4
[   24.417398] md: raid10 personality registered for level 10
done.
Begin: Running /scripts/init-premount ... done.
Begin: Mounting root file system ... Begin: R[   24.492455] Btrfs loaded
unning /scripts/local-top ... done.
Begin: Running /scripts/local-premount ... Scanning for Btrfs filesystems
done.
Warning: fsck not present, so skipping root file system
[   24.535651] EXT4-fs (sda1): mounted filesystem with ordered data mode. Opts: (null)
done.
Begin: Running /scripts/local-bottom ... done.
Begin: Running /scripts/init-bottom ... done.
[   24.780048] systemd[1]: systemd 229 running in system mode. (+PAM +AUDIT +SELINUX +IMA +APPARMOR +SMACK +SYSVINIT +UTMP +LIBCRYPTSETUP +GCRYPT +GNUTLS +ACL +XZ -LZ4 +SECCOMP +BLKID +ELFUTILS +KMOD -IDN)
[   24.792533] systemd[1]: Detected virtualization oracle.
[   24.793972] systemd[1]: Detected architecture x86-64.

Welcome to [1mUbuntu 16.04.5 LTS[0m!

[   24.800736] systemd[1]: Set hostname to <ubuntu>.
[   24.804999] systemd[1]: Initializing machine ID from random generator.
[   24.806909] systemd[1]: Installed transient /etc/machine-id file.
[   24.936608] systemd[1]: Reached target System Time Synchronized.
[[0;32m  OK  [0m] Reached target System Time Synchronized.
[ 24.96904]ysmd]:isningn deinctCompaibli Nedip

[[0;32m  OK  [0m] Listening on /dev/initctl Compatibility Named Pipe.
[   25.738401] systemd[1]: Created slice System Slice.
[[0;32m  OK  [0m] Created slice System Slice.
[   25.743274] systemd[1]: Listening on LVM2 metadata daemon socket.
[[0;32m  OK  [0m] Listening on LVM2 metadata daemon socket.
[   25.748221] systemd[1]: Listening on Device-mapper event daemon FIFOs.
[[0;32m  OK  [0m] Listening on Device-mapper event daemon FIFOs.
[   25.757346] systemd[1]: Reached target Swap.
[[0;32m  OK  [0m] Reached target Swap.
[   25.760861] systemd[1]: Listening on udev Kernel Socket.
[[0;32m  OK  [0m] Listening on udev Kernel Socket.
[   25.764644] systemd[1]: Started Trigger resolvconf update for networkd DNS.
[[0;32m  OK  [0m] Started Trigger resolvconf update for networkd DNS.
[   25.769664] systemd[1]: Created slice system-serial\x2dgetty.slice.
[[0;32m  OK  [0m] Created slice system-serial\x2dgetty.slice.
[   25.776943] systemd[1]: Listening on Journal Socket.
[[0;32m  OK  [0m] Listening on Journal Socket.
[   25.793378] systemd[1]: Starting Remount Root and Kernel File Systems...
         Starting Remount Root and Kernel File Systems...
[   25.818927] EXT4-fs (sda1): re-mounted. Opts: (null)
[   25.819456] systemd[1]: Starting Create list of required static device nodes for the current kernel...
         Starting Create list of required st... nodes for the current kernel...
[   25.846515] systemd[1]: Mounting Debug File System...
         Mounting Debug File System...
[   25.851647] systemd[1]: Starting Set console keymap...
         Starting Set console keymap...
[   25.861775] systemd[1]: Starting Uncomplicated firewall...
         Starting Uncomplicated firewall...
[   25.867470] systemd[1]: Reached target Encrypted Volumes.
[[0;32m  OK  [0m] Reached target Encrypted Volumes.
[   25.904824] systemd[1]: Starting Monitoring of LVM2 mirrors, snapshots etc. using dmeventd or progress polling...
[   25.905448] random: nonblocking pool is initialized
         Starting Monitoring of LVM2 mirrors... dmeventd or progress polling...
[   25.942125] systemd[1]: Listening on udev Control Socket.
[[0;32m  OK  [0m] Listening on udev Control Socket.
[   25.952719] systemd[1]: Created slice User and Session Slice.
[[0;32m  OK  [0m] Created slice User and Session Slice.
[   25.985232] systemd[1]: Starting Nameserver information manager...
         Starting Nameserver information manager...
[   26.165911] systemd[1]: Listening on Journal Socket (/dev/log).
[[0;32m  OK  [0m] Listening on Journal Socket (/dev/log).
[   26.301408] systemd[1]: Listening on LVM2 poll daemon socket.
[[0;32m  OK  [0m] Listening on LVM2 poll daemon socket.
[   26.433050] systemd[1]: Listening on Journal Audit Socket.
[[0;32m  OK  [0m] Listening on Journal Audit Socket.
[   26.471778] systemd[1]: Reached target Slices.
[[0;32m  OK  [0m] Reached target Slices.
[   26.484702] systemd[1]: Mounting POSIX Message Queue File System...
         Mounting POSIX Message Queue File System...
[   26.609228] systemd[1]: Started Forward Password Requests to Wall Directory Watch.
[[0;32m  OK  [0m] Started Forward Password Requests to Wall Directory Watch.
[   26.803139] systemd[1]: Starting Load Kernel Modules...
[   6.847670]oang iSCSI transport class v0-870.

         Starting Load Kernel Modules...
[   27.060587] systemd[1]: Mounting Huge Pages File System...
         Mounting Huge Pages File System...
[   27.074162] systemd[1]: Set up automount Arbitrary Executable File Formats File System Automount Point.
[[0;32m  OK  [0[   27.086636] iscsi: registered transport (tcp)
m] Set up automount Arbitrary Executab...ats File System Automount Point.
[   27.100592] systemd[1]: Reached target User and Group Name Lookups.
[[0;32m  OK  [0m] Reached target User and Group Name Lookups.
[   27.121272] systemd[1]: Listening on Syslog Socket.
[[0;32m  OK  [0m] Listening on Syslog Socket.
[   27.142151] iscsi: registered transport (iser)
[   27.145000] systemd[1]: Starting Journal Service...
         Starting Journal Service...
[   27.209907] systemd[1]: Mounted POSIX Message Queue File System.
[[0;32m  OK  [0m] Mounted POSIX Message Queue File System.
[   27.213082] systemd[1]: Mounted Debug File System.
[[0;32m  OK  [0m] Mounted Debug File System.
[   27.215719] systemd[1]: Mounted Huge Pages File System.
[[0;32m  OK  [0m] Mounted Huge Pages File System.
[  22808systemd[1]: taarted Jurl Srvce
[[0;32m  OK  [0m] Started Journal Service.
[[0;32m  OK  [0m] Started Remount Root and Kernel File Systems.
[[0;32m  OK  [0m] Started Create list of required sta...ce nodes for the current kernel.
[[0;32m  OK  [0m] Started Set console keymap.
[[0;32m  OK  [0m] Started Uncomplicated firewall.
[[0;32m  OK  [0m] Started Load Kernel Modules.
[[0;32m  OK  [0m] Started Nameserver information manager.
[[0;32m  OK  [0m] Started LVM2 metadata daemon.
         Starting Apply Kernel Variables...
         Mounting FUSE Control File System...
         Starting Create Static Device Nodes in /dev...
         Starting udev Coldplug all Devices...
         Starting Load/Save Random Seed...
         Starting Flush Journal to Persistent Storage...
[[0;32m  OK  [0m] Mounted FUSE Control File System.
[[0;32m  OK  [0m] Started Apply Kernel Variables.
[[0;32m  OK  [0m] Started Create Static Device Nodes in /dev.
[[0;32m  OK  [0m] Started Monitoring of LVM2 mirrors,...ng dmeventd or progress polling.
[[0;32m  OK  [0m] Started Load/Save Random Seed.
[[0;32m  OK  [0m] Started udev Coldplug all Devices.
[[0;32m  OK  [0m] Started Flush Journal to Persistent Storage.
         Starting udev Kernel Device Manager...
[[0;32m  OK  [0m] Started udev Kernel Device Manager.
[[0;32m  OK  [0m] Started Dispatch Password Requests to Console Directory Watch.
[[0;32m  OK  [0m] Reached target Local File Systems (Pre).
[[0;32m  OK  [0m] Reached target Local File Systems.
         Starting Initial cloud-init job (pre-networking)...
         Starting LSB: AppArmor initialization...
         Starting Commit a transient machine-id on disk...
         Starting Tell Plymouth To Write Out Runtime Data...
         Starting Create Volatile Files and Directories...
         Starting Set console font and keymap...
[[0;32m  OK  [0m] Started Commit a transient machine-id on disk.
[[0;32m  OK  [0m] Started Tell Plymouth To Write Out Runtime Data.
[[0;32m  OK  [0m] Started Create Volatile Files and Directories.
[[0;32m  OK  [0m] Found device /dev/ttyS0.
[   18.315357] cloud-init[471]: Cloud-init v. 18.3-9-g2e62cb8a-0ubuntu1~16.04.2 running 'init-local' at Thu, 30 Aug 2018 00:00:32 +0000. Up 18.06 seconds.
[[0;32m  OK  [0m] Started Initial cloud-init job (pre-networking).
[[0;32m  OK  [0m] Listening on Load/Save RF Kill Switch Status /dev/rfkill Watch.
[[0;32m  OK  [0m] Reached target Network (Pre).
         Starting Update UTMP about System Boot/Shutdown...
[[0;32m  OK  [0m] Started Set console font and keymap.
[[0;32m  OK  [0m] Started Update UTMP about System Boot/Shutdown.
[[0;32m  OK  [0m] Created slice system-getty.slice.
[[0;32m  OK  [0m] Started LSB: AppArmor initialization.
         Starting Raise network interfaces...
[[0;32m  OK  [0m] Started Raise network interfaces.
[[0;32m  OK  [0m] Reached target Network.
         Starting Initial cloud-init job (metadata service crawler)...
[   20.056462] cloud-init[925]: Cloud-init v. 18.3-9-g2e62cb8a-0ubuntu1~16.04.2 running 'init' at Thu, 30 Aug 2018 00:00:34 +0000. Up 19.40 seconds.
[[0;32m  OK  [0m] Started Initial cloud-init job (metadata service crawler).
[   20.163576] cloud-init[925]: ci-info: ++++++++++++++++++++++++++++++++++++++Net device info++++++++++++++++++++++++++++++++++++++
[   20.352801] cloud-init[925]: ci-info: +--------+------+----------------------------+---------------+--------+-------------------+
[   20.436998] cloud-init[925]: ci-info: | Device |  Up  |          Address           |      Mask     | Scope  |     Hw-Address    |
[   20.804003] cloud-init[925]: ci-info: +--------+------+----------------------------+---------------+--------+-------------------+
[[0;32m  OK  [0m[   20.920366] cloud-init[925]: ci-info: | enp0s3 | True |         10.0.2.15          | 255.255.255.0 | global | 02:93:23:4d:82:b3 |
[   20.920420] cloud-init[925]: ci-info: | enp0s3 | True | fe80::93:23ff:fe4d:82b3/64 |       .       |  link  | 02:93:23:4d:82:b3 |
[   20.920460] cloud-init[925]: ci-info: |   lo   | True |         127.0.0.1          |   255.0.0.0   |  host  |         .         |
[   20.920497] cloud-init[925]: ci-info: |   lo   | True |          ::1/128           |       .       |  host  |         .         |
[   20.920534] cloud-init[925]: ci-info: +--------+------+----------------------------+---------------+--------+-------------------+
[   20.920569] cloud-init[925]: ci-info: +++++++++++++++++++++++++++Route IPv4 info++++++++++++++++++++++++++++
[   20.920616] cloud-init[925]: ci-info: +-------+-------------+----------+---------------+-----------+-------+
[   20.920655] cloud-init[925]: ci-info: | Route | Destination | Gateway  |    Genmask    | Interface | Flags |
[   20.920695] cloud-init[925]: ci-info: +-------+-------------+----------+---------------+-----------+-------+
[   20.920732] cloud-init[925]: ci-info: |   0   |   0.0.0.0   | 10.0.2.2 |    0.0.0.0    |   enp0s3  |   UG  |
[   20.920769] cloud-init[925]: ci-info: |   1   |   10.0.2.0  | 0.0.0.0  | 255.255.255.0 |   enp0s3  |   U   |
[   20.920807] cloud-init[925]: ci-info: +-------+-------------+----------+---------------+-----------+-------+
[   20.920843] cloud-init[925]: ci-info: +++++++++++++++++++Route IPv6 info+++++++++++++++++++
[   20.920880] cloud-init[925]: ci-info: +-------+-------------+---------+-----------+-------+
[   20.920915] cloud-init[925]: ci-info: | Route | Destination | Gateway | Interface | Flags |
[   20.920950] cloud-init[925]: ci-info: +-------+-------------+---------+-----------+-------+
[   20.920988] cloud-init[925]: ci-info: |   0   |  fe80::/64  |    ::   |   enp0s3  |   U   |
[   20.921024] cloud-init[925]: ci-info: |   3   |   ff00::/8  |    ::   |   enp0s3  |   U   |
[   20.921074] cloud-init[925]: ci-info: +-------+-------------+---------+-----------+-------+
[   20.921183] cloud-init[925]: Generating public/private rsa key pair.
[   20.921224] cloud-init[925]: Your identification has been saved in /etc/ssh/ssh_host_rsa_key.
[   20.921258] cloud-init[925]: Your public key has been saved in /etc/ssh/ssh_host_rsa_key.pub.
[   20.921290] cloud-init[925]: The key fingerprint is:
[   20.921323] cloud-init[925]: SHA256:d4QcnEmr7Sgi+E+8DVws2IgRJxzYjwl0VNw442zwD7E root@ubuntu-xenial
[   20.921355] cloud-init[925]: The key's randomart image is:
[   20.921402] cloud-init[925]: +---[RSA 2048]----+
[   20.921438] cloud-init[925]: |*++oo.o  ooo     |
[   20.921471] cloud-init[925]: |o=o. * . .++     |
[   20.921506] cloud-init[925]: |.. += =   + .    |
[   20.921540] cloud-init[925]: | oo+.E   o .     |
[   20.921574] cloud-init[925]: |. o + = S o .    |
[   20.921609] cloud-init[925]: | . o o . + .     |
[   20.921643] cloud-init[925]: |. . * . . .      |
[   20.921678] cloud-init[925]: | . o = .         |
[   20.921713] cloud-init[925]: |  ..o .          |
[   20.921748] cloud-init[925]: +----[SHA256]-----+
[   20.921782] cloud-init[925]: Generating public/private dsa key pair.
[   20.921815] cloud-init[925]: Your identification has been saved in /etc/ssh/ssh_host_dsa_key.
[   20.921849] cloud-init[925]: Your public key has been saved in /etc/ssh/ssh_host_dsa_key.pub.
[   20.921886] cloud-init[925]: The key fingerprint is:
[   20.921920] cloud-init[925]: SHA256:RXHUIcu+v2ktj4bJY3YNIETr7k4PL+5foNxcrsrFdyI root@ubuntu-xenial
[   20.921954] cloud-init[925]: The key's randomart image is:
[   20.921989] cloud-init[925]: +---[DSA 1024]----+
[   20.922022] cloud-init[925]: |         .+o+... |
[   20.922056] cloud-init[925]: |         ..+ o.  |
[   20.922090] cloud-init[925]: |         .o o    |
[   20.922124] cloud-init[925]: |         o...    |
[   20.922158] cloud-init[925]: |        S ..o..  |
[   20.922192] cloud-init[925]: |         o = =.  |
[   20.922226] cloud-init] Reached target System Initialization.
[[0;32m  OK  [0m] Listening on UUID daemon activation socket.
         Starting Socket activation for snappy daemon.
[925]: |          *.Eo=+.|
         Starting LXD - unix socket.[   21.896741] cloud-init[925]: |         +.=B*==o|
[   21.896797] cloud-init[925]: |         +B*===+.|
[   21.896858] cloud-init[925]: +----[SHA256]-----+
[   21.896891] cloud-init[925]: Generating public/private ecdsa key pair.
[   21.896940] cloud-init[925]: Your identification has been saved in /etc/ssh/ssh_host_ecdsa_key.
[   21.896993] cloud-init[925]: Your public key has been saved in /etc/ssh/ssh_host_ecdsa_key.pub.
[   21.897025] cloud-init[925]: The key fingerprint is:
[   21.897074] cloud-init[925]: SHA256:rPVWtmIG/0lzdr++CRd8npVg/uBNaoK94BjJNXacFU0 root@ubuntu-xenial
[   21.897126] cloud-init[925]: The key's randomart image is:
[   21.897159] cloud-init[925]: +---[ECDSA 256]---+
[   21.897207] cloud-init[925]: |             .oE |
[   21.897260] cloud-init[925]: |              .. |
[   21.897293] cloud-init[925]: |             +   |
[   21.897348] cloud-init[925]: |       .  . = o .|
[   21.897397] cloud-init[925]: |        S+ +oo =o|
[   21.897432] cloud-init[925]: |      .o++=o..*.=|
[   21.897484] cloud-init[925]: |      .+ oBo+=o=o|
[   21.897532] cloud-init[925]: |        ++.++=o.o|
[   21.897584] cloud-init[925]: 
[[0;32m  OK  [0m] Listening on ACPID Listen Socket.
[[0;32m  OK  [0m] Started Daily Cleanup of Temporary Directories.
|       . . .o .=+|
[[0;32m  OK  [0m] Started ACPI Events Check.
[[0;32m  OK  [0m] Reached target Paths.
[   22.003982] cloud-init[925]: +----[SHA256]-----+
[   22.009302] cloud-init[925]: Generating public/private ed25519 key pair.
[   22.013248] cloud-init[925]: Your identification has been saved in /etc/ssh/ssh_host_ed25519_key.
[[0;32m  OK  [0m] Started Daily apt download activities.
[[0;32m  OK  [0m] Started Daily apt upgrade and clean activities.
[[   22.020173] cloud-init[925]: Your public key has been saved in /etc/ssh/ssh_host_ed25519_key.pub.
[   22.022966] cloud-init[925]: The key fingerprint is:
[0;32m  OK  [0m] Reached target Timers.
[[0;32m  OK  [0m] Listening on D-Bus System Message Bus Socket.
[[0;32m  OK  [0m] Reached target Network is Online.
[   22.028351] cloud-init[925]: SHA256:m+LmDQvp0hlpNc3KLfczG2VZWZwjzFjvBmt2iIfzbFo root@ubuntu-xenial
[   22.064641] cloud-init[925]: The key's randomart image is:
[   22.084358] cloud-init[925]: +--[ED25519 256]--+
[   22.086339] cloud-init[925]: |            =. .o|         Starting iSCSI initiator daemon (iscsid)...
[[0;32m  OK  [0m] Reached target Cloud-config availability.
[[0;32m  OK  [0m] Listening on Socket activation for snappy daemon.
[[0;32m  OK  [0m] Listening on LXD - unix socket.
[   22.096727] cloud-init[925]: |           . +.=.|
[   22.098591] cloud-init[925]: |       o     .+..|

[   22.101789] cloud-init[925]: |      o o   oo=  |
[   22.109020] cloud-init[925]: |     + +S  ++* + |
[   22.110878] cloud-init[925]: |    +.+ oo oB o  |
[   22.112875] cloud-init[925]: |   oooooo..  E   |
[   22.117664] cloud-init[925]: |  ..oo.=  +.+    |
[   22.123397] cloud-init[925]: |   ..o+ . .=     |
[   22.123979] cloud-init[925]: +----[SHA256]-----+
[[0;32m  OK  [0m] Started iSCSI initiator daemon (iscsid).
         Starting Login to default iSCSI targets...
[[0;32m  OK  [0m] Reached target Sockets.
[[0;32m  OK  [0m] Reached target Basic System.
[[0;32m  OK  [0m] Started Deferred execution scheduler.
[[0;32m  OK  [0m] Started Regular background program processing daemon.
[[0;32m  OK  [0m] Started Unattended Upgrades Shutdown.
[[0;32m  OK  [0m] Started D-Bus System Message Bus.
         Starting LSB: Record successful boot for GRUB...
         Starting LXD - container startup/shutdown...
         Starting /etc/rc.local Compatibility...
         Starting LSB: MD monitoring daemon...
[[0;32m  OK  [0m] Started FUSE filesystem for LXC.
         Starting Pollinate to seed the pseudo random number generator...
         Starting System Logging Service...
[[0;32m  OK  [0m] Started ACPI event daemon.
         Starting Accounts Service...
         Starting Virtualbox guest utils...
         Starting Login Service...
         Starting Snappy daemon...
[[0;32m  OK  [0m] Started System Logging Service.
[[0;32m  OK  [0m] Started /etc/rc.local Compatibility.
[[0;32m  OK  [0m] Started LXD - container startup/shutdown.
[[0;32m  OK  [0m] Started Login to default iSCSI targets.
[[0;32m  OK  [0m] Started LSB: Record successful boot for GRUB.
[[0;32m  OK  [0m] Started Login Service.
         Starting Authenticate and Authorize Users to Run Privileged Tasks...
[[0;32m  OK  [0m] Reached target Remote File Systems (Pre).
[[0;32m  OK  [0m] Reached target Remote File Systems.
         Starting Permit User Sessions...
         Starting LSB: daemon to balance interrupts for SMP systems...
         Starting LSB: automatic crash report generation...
         Starting LSB: Set the CPU Frequency Scaling governor to "ondemand"...
[[0;32m  OK  [0m] Started LSB: MD monitoring daemon.
[[0;32m  OK  [0m] Started Virtualbox guest utils.
[[0;32m  OK  [0m] Started Permit User Sessions.
[[0;32m  OK  [0m] Started Snappy daemon.
[[0;32m  OK  [0m] Started Authenticate and Authorize Users to Run Privileged Tasks.
[[0;32m  OK  [0m] Started Accounts Service.
         Starting Wait until snapd is fully seeded...
         Starting Terminate Plymouth Boot Screen...
         Starting Hold until boot process finishes up...
[[0;32m  OK  [0m] Started LSB: daemon to balance interrupts for SMP systems.
[[0;32m  OK  [0m] Started LSB: automatic crash report generation.
[[0;32m  OK  [0m] Started LSB: Set the CPU Frequency Scaling governor to "ondemand".
[[0;32m  OK  [0m] Started Terminate Plymouth Boot Screen.
[[0;32m  OK  [0m] Started Hold until boot process finishes up.
         Starting Set console scheme...
[[0;32m  OK  [0m] Started Serial Getty on ttyS0.
[[0;32m  OK  [0m] Started Getty on tty1.
[[0;32m  OK  [0m] Reached target Login Prompts.
[[0;32m  OK  [0m] Started Set console scheme.
[[0;32m  OK  [0m] Started Pollinate to seed the pseudo random number generator.
         Starting OpenBSD Secure Shell server...
[[0;32m  OK  [0m] Started OpenBSD Secure Shell server.
[[0;32m  OK  [0m] Created slice User Slice of vagrant.
         Starting User Manager for UID 1000...
[[0;32m  OK  [0m] Started User Manager for UID 1000.
[[0;32m  OK  [0m] Started Session 1 of user vagrant.
         Stopping User Manager for UID 1000...
[[0;32m  OK  [0m] Stopped User Manager for UID 1000.
[[0;32m  OK  [0m] Removed slice User Slice of vagrant.
[[0;32m  OK  [0m] Started Wait until snapd is fully seeded.
[[0;32m  OK  [0m] Reached target Multi-User System.
[[0;32m  OK  [0m] Reached target Graphical Interface.
         Starting Update UTMP about System Runlevel Changes...
         Starting Apply the settings specified in cloud-config...
[[0;32m  OK  [0m] Started Update UTMP about System Runlevel Changes.
[[0;32m  OK  [0m] Created slice User Slice of vagrant.
         Starting User Manager for UID 1000...
[[0;32m  OK  [0m] Started User Manager for UID 1000.
[[0;32m  OK  [0m] Started Session 2 of user vagrant.
[   25.733444] cloud-init[1443]: Generating locales (this might take a while)...
[   26.425839] cloud-init[1443]:   en_US.UTF-8... done
[   26.472450] cloud-init[1443]: Generation complete.
[   26.681555] cloud-init[1443]: Cloud-init v. 18.3-9-g2e62cb8a-0ubuntu1~16.04.2 running 'modules:config' at Thu, 30 Aug 2018 00:00:40 +0000. Up 25.61 seconds.
[[0;32m  OK  [0m] Started Apply the settings specified in cloud-config.
         Starting Execute cloud user/final scripts...
ci-info: no authorized ssh keys fingerprints found for user ubuntu.
<14>Aug 30 00:00:41 ec2: 
<14>Aug 30 00:00:41 ec2: #############################################################
<14>Aug 30 00:00:41 ec2: -----BEGIN SSH HOST KEY FINGERPRINTS-----
<14>Aug 30 00:00:41 ec2: 1024 SHA256:RXHUIcu+v2ktj4bJY3YNIETr7k4PL+5foNxcrsrFdyI root@ubuntu-xenial (DSA)
<14>Aug 30 00:00:41 ec2: 256 SHA256:rPVWtmIG/0lzdr++CRd8npVg/uBNaoK94BjJNXacFU0 root@ubuntu-xenial (ECDSA)
<14>Aug 30 00:00:41 ec2: 256 SHA256:m+LmDQvp0hlpNc3KLfczG2VZWZwjzFjvBmt2iIfzbFo root@ubuntu-xenial (ED25519)
<14>Aug 30 00:00:41 ec2: 2048 SHA256:d4QcnEmr7Sgi+E+8DVws2IgRJxzYjwl0VNw442zwD7E root@ubuntu-xenial (RSA)
<14>Aug 30 00:00:41 ec2: -----END SSH HOST KEY FINGERPRINTS-----
<14>Aug 30 00:00:41 ec2: #############################################################
-----BEGIN SSH HOST KEY KEYS-----
ecdsa-sha2-nistp256 AAAAE2VjZHNhLXNoYTItbmlzdHAyNTYAAAAIbmlzdHAyNTYAAABBBKp/G8RXSyUbn659WiuQrJbDmCTxQ9+giny3FTWfetyquveENMnT5t7AWam7mFRzZAWriLnPJj7bIb0qYvHvfKY= root@ubuntu-xenial
ssh-ed25519 AAAAC3NzaC1lZDI1NTE5AAAAII28dv10MVVzlWWqnPZXIFfIaJ1VNg8TtpJOkHcUIfN5 root@ubuntu-xenial
ssh-rsa AAAAB3NzaC1yc2EAAAADAQABAAABAQDnKP1nGLwj7k2mY4kMgE+0BcsnHmTGrhXy0WwwNzMEc/hRk06zBE0jSfDisGTDiIm5EZ5zKDFNR3noX5yU1C2NvzzWBVcmx5eTW5Vk4vrdN0Vczgkru18HBo3v57zMKiXv0dhdnWCjhp6hXcWiXjh1e7TIkSekJdoTW4Fl58yz72jeuO+PUpufkc+tl13OVzUPUNdc9gn3UWugBTzbRvsc5L191NGt7hIEAFJ1bqmuwQmUz3g44agYUrKGxcUL9sJ1LFQGzkMF6gy8fB2d9+mZx2Qo+ko76STfashReaMK8QD0Or3nTCfsLqMh7Hdun0axqPjjdXUoasCMcUm1KPTz root@ubuntu-xenial
-----END SSH HOST KEY KEYS-----
[   27.734164] cloud-init[1577]: Cloud-init v. 18.3-9-g2e62cb8a-0ubuntu1~16.04.2 running 'modules:final' at Thu, 30 Aug 2018 00:00:41 +0000. Up 27.01 seconds.
[   27.826219] [cloud-init[0;32m  OK  [0m[1577]: ] ci-info: no authorized ssh keys fingerprints found for user ubuntu.Started Execute cloud user/final scripts.

[   27.918083] [[0;32m  OK  [[1577]: Cloud-init v. 18.3-9-g2e62cb8a-0ubuntu1~16.04.2 finished at Thu, 30 Aug 2018 00:00:42 +0000. Datasource DataSourceNoCloud [seed=/dev/sdb][dsmode=net].  Up 27.72 seconds

Ubuntu 16.04.5 LTS ubuntu-xenial ttyS0

ubuntu-xenial login: 